../Core/Src/NRF24.c:15:6:csn_high	8	static
../Core/Src/NRF24.c:19:6:csn_low	8	static
../Core/Src/NRF24.c:23:6:ce_high	8	static
../Core/Src/NRF24.c:27:6:ce_low	8	static
../Core/Src/NRF24.c:31:6:nrf24_w_reg	24	static
../Core/Src/NRF24.c:43:9:nrf24_r_reg	24	static
../Core/Src/NRF24.c:57:6:nrf24_w_spec_cmd	16	static
../Core/Src/NRF24.c:61:6:nrf24_w_spec_reg	16	static
../Core/Src/NRF24.c:65:6:nrf24_r_spec_reg	16	static
../Core/Src/NRF24.c:69:6:nrf24_pwr_up	16	static
../Core/Src/NRF24.c:79:6:nrf24_pwr_dwn	16	static
../Core/Src/NRF24.c:89:6:nrf24_tx_pwr	24	static
../Core/Src/NRF24.c:101:6:nrf24_data_rate	24	static
../Core/Src/NRF24.c:117:6:nrf24_set_channel	16	static
../Core/Src/NRF24.c:121:6:nrf24_open_tx_pipe	16	static
../Core/Src/NRF24.c:125:6:nrf24_pipe_pld_size	16	static
../Core/Src/NRF24.c:158:6:nrf24_open_rx_pipe	24	static
../Core/Src/NRF24.c:200:6:nrf24_cls_rx_pipe	24	static
../Core/Src/NRF24.c:208:6:nrf24_set_crc	24	static
../Core/Src/NRF24.c:218:6:nrf24_set_addr_width	16	static
../Core/Src/NRF24.c:223:6:nrf24_flush_tx	8	static
../Core/Src/NRF24.c:229:6:nrf24_flush_rx	8	static
../Core/Src/NRF24.c:235:9:nrf24_r_status	24	static
../Core/Src/NRF24.c:246:6:nrf24_clear_rx_dr	16	static
../Core/Src/NRF24.c:256:6:nrf24_clear_tx_ds	16	static
../Core/Src/NRF24.c:266:6:nrf24_clear_max_rt	16	static
../Core/Src/NRF24.c:276:9:nrf24_read_bit	16	static
../Core/Src/NRF24.c:285:6:nrf24_set_bit	24	static
../Core/Src/NRF24.c:299:9:nrf24_r_pld_wid	16	static
../Core/Src/NRF24.c:310:6:nrf24_listen	16	static
../Core/Src/NRF24.c:322:6:nrf24_stop_listen	16	static
../Core/Src/NRF24.c:332:6:nrf24_dpl	24	static
../Core/Src/NRF24.c:344:6:nrf24_set_rx_dpl	24	static
../Core/Src/NRF24.c:361:6:nrf24_auto_ack	24	static
../Core/Src/NRF24.c:378:6:nrf24_auto_ack_all	24	static
../Core/Src/NRF24.c:390:6:nrf24_en_ack_pld	24	static
../Core/Src/NRF24.c:402:6:nrf24_en_dyn_ack	24	static
../Core/Src/NRF24.c:414:6:nrf24_auto_retr_delay	24	static
../Core/Src/NRF24.c:424:6:nrf24_auto_retr_limit	24	static
../Core/Src/NRF24.c:434:6:nrf24_type_to_uint8_t	32	static
../Core/Src/NRF24.c:440:8:nrf24_uint8_t_to_type	24	static
../Core/Src/NRF24.c:451:9:nrf24_transmit	24	static
../Core/Src/NRF24.c:475:6:nrf24_transmit_no_ack	24	static
../Core/Src/NRF24.c:491:6:nrf24_transmit_rx_ack_pld	24	static
../Core/Src/NRF24.c:506:9:nrf24_carrier_detect	8	static
../Core/Src/NRF24.c:510:9:nrf24_data_available	16	static
../Core/Src/NRF24.c:521:6:nrf24_receive	24	static
../Core/Src/NRF24.c:532:6:nrf24_defaults	16	static
../Core/Src/NRF24.c:564:6:nrf24_init	8	static
